======================================================================
CP2K AIMD Hydrogen Bond Topology Analysis
======================================================================
    Log file: C:\Users\SIQI\Documents\Github\topoHBNet\examples\cp2k_aimd_nofield\results\topoHBNet_analysis_20260211_155851.log

Configuration:
    Timestep: 0.5 fs
    Sample interval: every 1 frames
    H-bond criteria: D-A < 3.5 A, H-A < 2.5 A, angle > 120.0 deg
    Persistence frame: all
    Output DPI: 600
    GUDHI available: True

[1] Parsing trajectory with ASE backend...
    Loaded 1001 frames
    Atoms per frame: 673
    Simulation time: 500.5 fs
    Oxygen atoms: 95, Hydrogen atoms: 416
    Elements: C, H, O, Si

[2] Initializing analyzers...

[3] Analyzing trajectory (every 1 frames)...
    Processed 50/1001 frames...
    Processed 100/1001 frames...
    Processed 150/1001 frames...
    Processed 200/1001 frames...
    Processed 250/1001 frames...
    Processed 300/1001 frames...
    Processed 350/1001 frames...
    Processed 400/1001 frames...
    Processed 450/1001 frames...
    Processed 500/1001 frames...
    Processed 550/1001 frames...
    Processed 600/1001 frames...
    Processed 650/1001 frames...
    Processed 700/1001 frames...
    Processed 750/1001 frames...
    Processed 800/1001 frames...
    Processed 850/1001 frames...
    Processed 900/1001 frames...
    Processed 950/1001 frames...
    Processed 1000/1001 frames...
    Completed basic analysis of 1001 frames

[4] Running advanced analysis...
    Computing coordination numbers...
    Computing degree distribution...
    Computing H-bond lifetimes...
    Computing autocorrelation function...
    Computing clustering coefficients...
    Computing RDFs for multiple pairs...
        RDF: O-O
        RDF: O-H
        RDF: H-H
    Classifying H-bond strength...
    Computing persistent homology...
        Computing persistence for all 1001 frames...
            Processed 100/1001 frames...
            Processed 200/1001 frames...
            Processed 300/1001 frames...
            Processed 400/1001 frames...
            Processed 500/1001 frames...
            Processed 600/1001 frames...
            Processed 700/1001 frames...
            Processed 800/1001 frames...
            Processed 900/1001 frames...
            Processed 1000/1001 frames...

[5] Summary Statistics:
    H-bonds: 52.6 +/- 3.6
    Coordination: 2.38 +/- 0.99
    H-bond lifetime: 146.91 fs
    Clustering coeff: 0.116
    H-bond strength: Strong 32.5%, Moderate 59.9%, Weak 7.7%

[5.5] Running Topological Machine Learning analysis...
    Running TML on 1001 frames...
        Generating Cell2Vec embeddings...
        Extracting TNN features (SAN forward pass)...
        Using device: cuda
    Saved: similarity_heatmap.png, similarity_heatmap.svg
    Saved: embedding_pca.png, embedding_pca.svg
    Saved: pca_time_series.png, pca_time_series.svg

[6] Saving results...
    Saved: analysis_results.json
    Saved: frame_embeddings.npy
    Saved: tnn_features.npy
    Saved: statistics_summary.json

[6.5] Saving raw data to CSV in C:\Users\SIQI\Documents\Github\topoHBNet\examples\cp2k_aimd_nofield\raw_data_csv...
    Saved: dynamics_topology.csv
    Saved: property_autocorrelation.csv
    Saved: clustering_coefficient.csv
    Saved: rdf_O_O.csv
    Saved: rdf_O_H.csv
    Saved: rdf_H_H.csv
    Saved: coordination_raw_obs.csv
    Saved: degree_raw_obs.csv
    Saved: ml_pca_components.csv
    Saved: ml_pca_variance.csv
    Saved: ml_frame_embeddings.csv
    Saved: ml_similarity_matrix.csv
    Saved: persistence_dynamics.csv
    Done saving raw data.


[7] Generating plots...
    Saved: hbond_dynamics.png, hbond_dynamics.svg
    Saved: betti_dynamics.png, betti_dynamics.svg
    Saved: hbond_distributions.png, hbond_distributions.svg

    === H-bond Geometry Distribution Summary ===
    [D-A Distance]
      Samples: 52,639
      Mean / Median / Std: 2.903 / 2.879 / 0.189 Å
      25% / 75% (IQR): 2.764 / 3.028 Å
      Skewness: 0.422
      KDE Peaks: 2 (main=2.814 Å; all=[2.814, 2.938] Å)
    [H-A Distance]
      Samples: 52,639
      Mean / Median / Std: 2.007 / 1.985 / 0.219 Å
      25% / 75% (IQR): 1.839 / 2.165 Å
      Skewness: 0.266
      KDE Peaks: 1 (main=1.915 Å; all=[1.915] Å)
    [D-H-A Angle]
      Samples: 52,639
      Mean / Median / Std: 154.8 / 156.8 / 13.9°
      25% / 75% (IQR): 145.1 / 165.9°
      Skewness: -0.472
      KDE Peaks: 1 (main=160.7°; all=[160.7]°)
    Saved: coordination_degree.png, coordination_degree.svg
    Saved: hbond_lifetime.png, hbond_lifetime.svg
    Saved: autocorrelation.png, autocorrelation.svg
    Saved: rdf_O_O.png, rdf_O_O.svg
    Saved: rdf_O_H.png, rdf_O_H.svg
    Saved: rdf_H_H.png, rdf_H_H.svg
    Saved: clustering_strength.png, clustering_strength.svg
    Saved: persistence_barcode.png, persistence_barcode.svg
    Saved: persistence_diagram.png, persistence_diagram.svg
    Saved: persistence_dynamics.png, persistence_dynamics.svg

======================================================================
Analysis complete!
Results saved to: C:\Users\SIQI\Documents\Github\topoHBNet\examples\cp2k_aimd_nofield\results
======================================================================
